// Jest Snapshot v1, https://goo.gl/fbAQLP

exports[`Pruebas en <LoginScreen /> should first 1`] = `
<div
  className="container login-container"
>
  <div
    className="row"
  >
    <div
      className="col-md-6 login-form-1"
    >
      <h3>
        Ingreso
      </h3>
      <form
        onSubmit={[Function]}
      >
        <div
          className="form-group"
        >
          <input
            className="form-control"
            name="lEmail"
            onChange={[Function]}
            placeholder="Correo"
            required={true}
            type="text"
            value="jonathan@jojo.com"
          />
        </div>
        <div
          className="form-group"
        >
          <input
            className="form-control"
            name="lPassword"
            onChange={[Function]}
            placeholder="Contraseña"
            required={true}
            type="password"
            value="jjba123"
          />
        </div>
        <div
          className="form-group"
        >
          <input
            className="btnSubmit"
            type="submit"
            value="Login"
          />
        </div>
      </form>
    </div>
    <div
      className="col-md-6 login-form-2"
    >
      <h3>
        Registro
      </h3>
      <form
        onSubmit={[Function]}
      >
        <div
          className="form-group"
        >
          <input
            className="form-control"
            name="rName"
            onChange={[Function]}
            placeholder="Nombre"
            required={true}
            type="text"
            value="Joseph"
          />
        </div>
        <div
          className="form-group"
        >
          <input
            className="form-control"
            name="rEmail"
            onChange={[Function]}
            placeholder="Correo"
            required={true}
            type="email"
            value="joseph@jojo.com"
          />
        </div>
        <div
          className="form-group"
        >
          <input
            className="form-control"
            name="rPassword"
            onChange={[Function]}
            placeholder="Contraseña"
            required={true}
            type="password"
            value="jjba123"
          />
        </div>
        <div
          className="form-group"
        >
          <input
            className="form-control"
            name="rPasswordConfirm"
            onChange={[Function]}
            placeholder="Repita la contraseña"
            required={true}
            type="password"
            value="jjba123"
          />
        </div>
        <div
          className="form-group"
        >
          <input
            className="btnSubmit"
            type="submit"
            value="Crear cuenta"
          />
        </div>
      </form>
    </div>
  </div>
</div>
`;
